Restore Archived Project report for lab1_2
Mon Sep 20 09:26:00 2021
Quartus II 64-Bit Version 13.1.0 Build 162 10/23/2013 SJ Web Edition


---------------------
; Table of Contents ;
---------------------
  1. Legal Notice
  2. Restore Archived Project Summary
  3. Restore Archived Project Messages
  4. Files Restored
  5. Files Not Restored



----------------
; Legal Notice ;
----------------
Copyright (C) 1991-2013 Altera Corporation
Your use of Altera Corporation's design tools, logic functions 
and other software and tools, and its AMPP partner logic 
functions, and any output files from any of the foregoing 
(including device programming or simulation files), and any 
associated documentation or information are expressly subject 
to the terms and conditions of the Altera Program License 
Subscription Agreement, Altera MegaCore Function License 
Agreement, or other applicable license agreement, including, 
without limitation, that your use is for the sole purpose of 
programming logic devices manufactured by Altera and sold by 
Altera or its authorized distributors.  Please refer to the 
applicable agreement for further details.



+-------------------------------------------------------------------------+
; Restore Archived Project Summary                                        ;
+---------------------------------+---------------------------------------+
; Restore Archived Project Status ; Successful - Mon Sep 20 09:26:00 2021 ;
; Revision Name                   ; lab1_2                                ;
; Top-level Entity Name           ; lab1_2                                ;
; Family                          ; Cyclone IV E                          ;
+---------------------------------+---------------------------------------+


+-----------------------------------+
; Restore Archived Project Messages ;
+-----------------------------------+
Info: Successfully restored 'D:/verilogLAB/lab1/lab1_2/lab1_2.qar' into the 'D:/verilogLAB/lab1/lab1_2/lab1_2_restored/' directory
Info: Generated report 'lab1_2.restore.rpt'
Info (23030): Evaluation of Tcl script c:/altera/13.1/quartus/common/tcl/apps/qpm/qar.tcl was successful
Info: Quartus II 64-Bit Shell was successful. 0 errors, 0 warnings
    Info: Peak virtual memory: 4414 megabytes
    Info: Processing ended: Mon Sep 20 09:26:00 2021
    Info: Elapsed time: 00:00:00
    Info: Total CPU time (on all processors): 00:00:00


+---------------------------------------------------+
; Files Restored                                    ;
+---------------------------------------------------+
; File Name                                         ;
+---------------------------------------------------+
; Waveform.vwf                                      ;
; db/lab1_2.cmp.hdb                                 ;
; db/lab1_2.db_info                                 ;
; incremental_db/compiled_partitions/lab1_2.db_info ;
; lab1_2.qpf                                        ;
; lab1_2.qsf                                        ;
; lab1_2.sv                                         ;
; assignment_defaults.qdf                           ;
+---------------------------------------------------+


+--------------------+
; Files Not Restored ;
+--------------------+
; File Name          ;
+--------------------+


